// Jest Snapshot v1, https://goo.gl/fbAQLP

exports[`should handle dynamic imports 1`] = `
"import * as $Flowgen$Import$react from \\"react\\";
import * as $Flowgen$Import$zlib from \\"zlib\\";
declare type A = typeof $Flowgen$Import$react;
declare type B = $Flowgen$Import$react.ComponentType<{ ... }>;
declare type C = $Flowgen$Import$react.Node;
declare type D = $Flowgen$Import$zlib.Zlib;
declare type Z = number;
"
`;

exports[`should handle imports from odd names 1`] = `
"import * as $Flowgen$Import$_46_46 from \\"..\\";
import * as $Flowgen$Import$_64_33_45_47_46_47 from \\"@!-/./\\";
declare type A = typeof $Flowgen$Import$_46_46;
declare type B = typeof $Flowgen$Import$_64_33_45_47_46_47;
"
`;
