// Jest Snapshot v1, https://goo.gl/fbAQLP

exports[`should handle global types jsx 1`] = `
"import * as React from \\"react\\";
declare function s(node: React$Node): void;
declare type Props = {
  children: React$Node,
  ...
};
declare class Component mixins React.Component<Props> {
  render(): React$Node;
}
"
`;

exports[`should handle react types apply typeof to component types 1`] = `
"import * as React from \\"react\\";
declare type ViewProps = {
  style?: string,
  ...
};
declare class ViewComponent mixins React.Component<ViewProps> {}
declare var ViewBase: typeof ViewComponent;
declare class View mixins ViewBase {}
declare type A = View;
declare var View2: React.ComponentType<ViewProps>;
declare type B = View2;
"
`;

exports[`should handle react types pure renames 1`] = `
"import type { Node, Element } from \\"react\\";
import * as React from \\"react\\";
declare function s(node: Node): void;
declare function s(node: React.Node): void;
declare function s(node: Element<\\"div\\">): void;
declare function s(node: React.Element<\\"div\\">): void;
"
`;

exports[`should handle react types rewrite away React.RefAttributes 1`] = `
"import type { Node } from \\"react\\";
import type {} from \\"react\\";
import * as React from \\"react\\";
import * as RenamedAct from \\"react\\";
declare type A = {
  +ref?: number,
  ...
};
declare type B = {
  +ref?: number,
  ...
};
declare type C = {
  +ref?: number,
  ...
};
"
`;
